// Vitest Snapshot v1, https://vitest.dev/guide/snapshot.html

exports[`SignInButton > should match snapshot 1`] = `
<button
  class="MuiButtonBase-root MuiButton-root MuiButton-outlined MuiButton-outlinedInherit MuiButton-sizeMedium MuiButton-outlinedSizeMedium MuiButton-colorInherit MuiButton-root MuiButton-outlined MuiButton-outlinedInherit MuiButton-sizeMedium MuiButton-outlinedSizeMedium MuiButton-colorInherit css-sbfmij-MuiButtonBase-root-MuiButton-root"
  tabindex="0"
  type="button"
>
  Anmelden
  <span
    class="MuiTouchRipple-root css-8je8zh-MuiTouchRipple-root"
  />
</button>
`;
