// Vitest Snapshot v1, https://vitest.dev/guide/snapshot.html

exports[`SignInButton > should match snapshot 1`] = `
<button
  class="MuiButtonBase-root MuiButton-root MuiButton-outlined MuiButton-outlinedInherit MuiButton-sizeMedium MuiButton-outlinedSizeMedium MuiButton-colorInherit MuiButton-root MuiButton-outlined MuiButton-outlinedInherit MuiButton-sizeMedium MuiButton-outlinedSizeMedium MuiButton-colorInherit css-168ip7w-MuiButtonBase-root-MuiButton-root"
  id=":r1:"
  tabindex="0"
  type="button"
>
  Anmelden
</button>
`;
