// Vitest Snapshot v1, https://vitest.dev/guide/snapshot.html

exports[`SignOutButton > should match snapshot 1`] = `
<button
  class="MuiButtonBase-root MuiButton-root MuiButton-outlined MuiButton-outlinedInherit MuiButton-sizeMedium MuiButton-outlinedSizeMedium MuiButton-colorInherit MuiButton-root MuiButton-outlined MuiButton-outlinedInherit MuiButton-sizeMedium MuiButton-outlinedSizeMedium MuiButton-colorInherit css-18kwzmc-MuiButtonBase-root-MuiButton-root"
  tabindex="0"
  type="button"
>
  Abmelden
</button>
`;
